/home/adam/RO-PUF/XPS_workspace/hw/implementation/system.ngc 1525798799
/home/adam/RO-PUF/XPS_workspace/hw/implementation/system_xps_timer_0_wrapper.ngc 1525798668
/home/adam/RO-PUF/XPS_workspace/hw/implementation/system_xps_intc_0_wrapper.ngc 1525798668
/home/adam/RO-PUF/XPS_workspace/hw/implementation/system_proc_sys_reset_0_wrapper.ngc 1525798668
/home/adam/RO-PUF/XPS_workspace/hw/implementation/system_microblaze_0_wrapper.ngc 1525798668
/home/adam/RO-PUF/XPS_workspace/hw/implementation/system_mdm_0_wrapper.ngc 1525798668
/home/adam/RO-PUF/XPS_workspace/hw/implementation/system_mb_plb_wrapper.ngc 1525798668
/home/adam/RO-PUF/XPS_workspace/hw/implementation/system_lmb_bram_wrapper.ngc 1525798668
/home/adam/RO-PUF/XPS_workspace/hw/implementation/system_ilmb_cntlr_wrapper.ngc 1525798668
/home/adam/RO-PUF/XPS_workspace/hw/implementation/system_ilmb_wrapper.ngc 1525798668
/home/adam/RO-PUF/XPS_workspace/hw/implementation/system_dut_control_core_0_wrapper.ngc 1525798674
/home/adam/RO-PUF/XPS_workspace/hw/implementation/system_dlmb_cntlr_wrapper.ngc 1525798668
/home/adam/RO-PUF/XPS_workspace/hw/implementation/system_dlmb_wrapper.ngc 1525798668
/home/adam/RO-PUF/XPS_workspace/hw/implementation/system_clock_generator_0_wrapper.ngc 1525798737
/home/adam/RO-PUF/XPS_workspace/hw/implementation/system_rs232_uart_1_wrapper.ngc 1525798668
/home/adam/RO-PUF/XPS_workspace/hw/implementation/system_orgate_1_wrapper.ngc 1525798668
/home/adam/RO-PUF/XPS_workspace/hw/implementation/system_ring_osc_0_wrapper.ngc 1525798685
/home/adam/RO-PUF/XPS_workspace/hw/implementation/system_ring_osc_1_wrapper.ngc 1525798692
/home/adam/RO-PUF/XPS_workspace/hw/implementation/system_ring_osc_2_wrapper.ngc 1525798699
/home/adam/RO-PUF/XPS_workspace/hw/implementation/system_ring_osc_3_wrapper.ngc 1525798706
/home/adam/RO-PUF/XPS_workspace/hw/implementation/system_ring_osc_4_wrapper.ngc 1525798713
/home/adam/RO-PUF/XPS_workspace/hw/implementation/system_ring_osc_5_wrapper.ngc 1525798720
/home/adam/RO-PUF/XPS_workspace/hw/implementation/system_ring_osc_6_wrapper.ngc 1525798727
/home/adam/RO-PUF/XPS_workspace/hw/implementation/system_ring_osc_7_wrapper.ngc 1525798734
OK
